
> churrasco-mestre-da-brasa@0.1.0 gen-schemas
> node tools/studio/gen-schemas.mjs

[schema] wrote 22 schemas to shared/schema

> churrasco-mestre-da-brasa@0.1.0 gen-csharp-types
> node tools/studio/gen-csharp-types.mjs

[csharp] wrote 13 files / 86 classes to Assets/Scripts/Core/Generated
  Ingredients        7 classes  <- ingredients.json
  Grill              9 classes  <- grill.json
  Customers          4 classes  <- customers.json
  Restaurants        5 classes  <- restaurants.json
  Upgrades           5 classes  <- upgrades.json
  Economy           15 classes  <- economy.json
  Levels             4 classes  <- levels.json
  Employees          5 classes  <- employees.json
  Collection         7 classes  <- collection.json
  Pass               9 classes  <- pass.json
  Churrasqueiras     5 classes  <- churrasqueiras.json
  Tutorial           6 classes  <- tutorial.json
  Analytics          5 classes  <- analytics.json

> churrasco-mestre-da-brasa@0.1.0 sync-data
> node tools/studio/sync-data.mjs

[sync] wrote 22 tables to Assets/Data
[sync] updated: grill.json, upgrades.json
