── check-shots  ───────────────────────────────────────
   real PNGs of the first run (FTUE steps 1-6) and the relaunch path — sim catch-up, not 10 800 draws

> churrasco-mestre-da-brasa@0.1.0 check-shots
> node prototype/shoot.mjs

art: 244 sprites decoded
[shoot] 01-splash.png  229.0 kB
[shoot] 02-title.png  544.0 kB
[shoot] 03-ftue-place.png  383.9 kB
[shoot] 04-ftue-wait.png  344.4 kB
[shoot] 05-ftue-flip.png  340.1 kB
[shoot] 06-ftue-serve.png  351.8 kB
[shoot] 07-ftue-perfect.png  463.0 kB
[shoot] 08-ftue-result.png  105.1 kB
[shoot] 09-ftue-upgrade.png  148.0 kB
[shoot] FTUE tutorial_start → step:place → step:flip → step:serve → step:perfect → tutorial_complete → upgrade_purchase → step:upgrade
[shoot] FTUE first PERFEITO at 16.1s, complete at 32.9s, upgrade at 38.3s, misses 0, coins left 136
art: 244 sprites decoded
[shoot] 10-home.png  187.6 kB
[shoot] 11-turn-empty.png  457.0 kB
[shoot] 12-grill-cooking.png  455.3 kB
[shoot] 13-result.png  94.8 kB
art: 244 sprites decoded
[shoot] 14-advanced-bench.png  506.2 kB
[shoot] 15-advanced-flip-hint.png  501.8 kB
[shoot] 16-costela-perfect-window.png  505.7 kB
[shoot] 17-cupim-perfect-window.png  505.6 kB
[shoot] A-01: page 2 → costela/cupim → wait for cue → tap flips once → both perfect windows
art: 244 sprites decoded
art: 244 sprites decoded
[shoot] 18-before-cheese-unlock.png  473.3 kB
art: 244 sprites decoded
[shoot] 19-cheese-unlocked.png  481.1 kB
art: 244 sprites decoded
[shoot] A-02: saved levels 1/5/6/7 → matching bench/orders → no phantom locked slot → cheese draggable at 6/7
art: 244 sprites decoded
[shoot] 20-before-prep-unlock.png  486.6 kB
art: 244 sprites decoded
[shoot] 21-prep-in-progress.png  511.2 kB
[shoot] 22-prep-ready.png  504.5 kB
[shoot] 23-prep-served.png  491.4 kB
[shoot] A-03: actual order 10 (vinagrete) served prep, coins=319 xp=66
art: 244 sprites decoded
art: 244 sprites decoded
[shoot] 24-prep-capacity-page-2.png  513.5 kB
[shoot] A-03: unlock 11/12/13, tap/drag, invalid drops, cancellation, timing, real service, discard, 10 slots + paging
art: 244 sprites decoded
[shoot] 25-before-fourth-zone.png  455.3 kB
art: 244 sprites decoded
art: 244 sprites decoded
art: 244 sprites decoded
[shoot] 26-fourth-zone-unlocked.png  503.4 kB
[shoot] 27-fourth-zone-cooking.png  502.5 kB
[shoot] 28-fourth-zone-order-served.png  497.4 kB
art: 244 sprites decoded
art: 244 sprites decoded
art: 244 sprites decoded
art: 244 sprites decoded
art: 244 sprites decoded
[shoot] 29-premium-without-fornalha.png  498.4 kB
[shoot] A-04: Home/runtime/HUD agree; Fornalha3→4 at Premium, evo1/2/3; others1/2/3; real fourth-row placement/move/flip/mixed-order service
art: 244 sprites decoded
[shoot] 30-vip-home-test.png  191.8 kB
[shoot] 31-vip-explicit-simulation.png  116.4 kB
art: 244 sprites decoded
art: 244 sprites decoded
[shoot] 32-vip-reserved-after-relaunch.png  188.7 kB
[shoot] 33-vip-called-arrival.png  477.0 kB
[shoot] A-05 called order: [ 'picanha', 'coracao_frango' ]
[shoot] 34-vip-order-served.png  462.7 kB
[shoot] 37-vip-achievement-result.png  95.0 kB
art: 244 sprites decoded
art: 244 sprites decoded
[shoot] 35-vip-natural-arrival.png  473.7 kB
art: 244 sprites decoded
[shoot] 36-vip-daily-limit.png  188.5 kB
art: 244 sprites decoded
[shoot] A-05: zero/one authored chance; cancel/complete; persistent reserved call, real cooking/flip/service, VIP achievement; natural no-ads, shared cap/relaunch, starter locked
[shoot] frames written to prototype/shots/
[shoot] painted=217 skipped=12467 wall=13.7s
PASS  check-shots
