
> churrasco-mestre-da-brasa@0.1.0 gates
> node tools/studio/run-gates.mjs

── CHURRASCO! CI gates ─────────────────────────────────────────
15 gates · same list GitHub Actions runs on every push

── typecheck  ─────────────────────────────────────────
   strict tsc — the gate that caught the dead ideal-zone mechanic

> churrasco-mestre-da-brasa@0.1.0 typecheck
> tsc --noEmit

PASS  typecheck

── validate  ──────────────────────────────────────────
   referential + semantic integrity of every data table

> churrasco-mestre-da-brasa@0.1.0 validate
> node --experimental-strip-types tools/studio/validate-data.ts

── CHURRASCO! data validation ────────────────────────────────
tables checked : 22
ingredients    : 16
customers      : 11
restaurants    : 7
upgrade tracks : 27
achievements   : 58
collection     : 37 entries in 10 categories
analytics      : 50 events
tutorial       : 6 steps (six_step_v1), target < 60s
authored levels: 60

OK — all data tables valid and internally consistent
PASS  validate

── check-schema  ──────────────────────────────────────
   every table against its JSON Schema, plus a negative pass

> churrasco-mestre-da-brasa@0.1.0 check-schema
> node tools/studio/check-schemas.mjs

[check-schema] OK — 22/22 tables valid against their schema, and every contract rejects a broken copy of itself
PASS  check-schema

── verify-schemas  ────────────────────────────────────
   schemas in step with shared/data

> churrasco-mestre-da-brasa@0.1.0 verify-schemas
> node tools/studio/gen-schemas.mjs --check

[schema] OK — 22 schemas in step with shared/data
PASS  verify-schemas

── check-l10n  ────────────────────────────────────────
   no missing keys, no literal pt-BR in data (§56)

> churrasco-mestre-da-brasa@0.1.0 check-l10n
> node --experimental-strip-types tools/studio/check-l10n.ts

  en-US    coverage  15.4%  (83/540 keys, falls back to pt-BR)
  es-419   coverage  15.4%  (83/540 keys, falls back to pt-BR)
── CHURRASCO! localisation check ─────────────────────────────
data tables scanned : 22
keys referenced     : 381
pt-BR                 : 540 keys (authored locale, must be complete)

OK — every referenced key is translated and no literal text leaked into data
PASS  check-l10n

── check-csharp-types  ────────────────────────────────
   generated C# types in step with the tables

> churrasco-mestre-da-brasa@0.1.0 check-csharp-types
> node tools/studio/gen-csharp-types.mjs --check

[csharp] OK — 13 files, 85 classes in step with shared/data
PASS  check-csharp-types

── verify-data-sync  ──────────────────────────────────
   Assets/Data matches shared/data

> churrasco-mestre-da-brasa@0.1.0 verify-data-sync
> node tools/studio/sync-data.mjs --check

[sync] OK — Assets/Data matches shared/data (22 tables)
PASS  verify-data-sync

── test  ──────────────────────────────────────────────
   full vitest suite

> churrasco-mestre-da-brasa@0.1.0 test
> vitest run


 RUN  v2.1.9 /home/user/game_churrasqueiro

 ✓ tools/studio/test/turn.test.ts (29 tests) 314ms
 ✓ tools/studio/test/tutorial.test.ts (22 tests) 136ms
 ✓ tools/studio/test/vip.test.ts (44 tests) 638ms
   ✓ VIP completed service, economy and analytics > real progression has natural VIP without rewarded and obeys a persisted daily cap 580ms
 ✓ tools/studio/test/cooking.test.ts (23 tests) 85ms
 ✓ tools/studio/test/economy.test.ts (27 tests) 17ms
 ✓ tools/studio/test/monetization.test.ts (27 tests) 9ms
 ✓ tools/studio/test/save.test.ts (28 tests) 103ms
 ✓ tools/studio/test/art-registry.test.ts (52 tests) 6887ms
 ✓ tools/studio/test/golden.test.ts (7 tests) 480ms
   ✓ golden vectors > replays every full-turn vector 366ms
 ✓ tools/studio/test/fourth-zone.test.ts (41 tests) 82ms
 ✓ tools/studio/test/churrasqueira.test.ts (25 tests) 2777ms
   ✓ skill policy plays every churrasqueira > lata_valente: full turns complete, customers are served, skill still separates quality 1120ms
   ✓ skill policy plays every churrasqueira > ze_da_esquina: full turns complete, customers are served, skill still separates quality 470ms
   ✓ skill policy plays every churrasqueira > parrilla_chef_cisma: full turns complete, customers are served, skill still separates quality 606ms
 ✓ tools/studio/test/data.test.ts (12 tests) 47ms
 ✓ tools/studio/test/prep.test.ts (16 tests) 21ms
 ✓ tools/studio/test/policy.test.ts (5 tests) 827ms
   ✓ skill policy — zone choice > sends most items to their ideal zone at a skilled level 326ms
   ✓ skill policy — zone choice > is monotonically more likely to hit the ideal zone as skill rises 347ms
 ✓ tools/studio/test/ingredient-unlock.test.ts (50 tests) 220ms
 ✓ tools/studio/test/slow-cuts.test.ts (19 tests) 179ms
 ✓ tools/studio/test/l10n.test.ts (12 tests) 9ms
 ✓ tools/studio/test/cooking-ui.test.ts (8 tests) 7ms
 ✓ tools/studio/test/unlock-wiring.test.ts (2 tests) 495ms
   ✓ A-02: real simulation callers pass player progression, not campaign indices > progression uses pre-payout XP and keeps every order inside the same eligible catalog 416ms
 ✓ tools/studio/test/sim-grill.test.ts (3 tests) 1397ms
   ✓ A-04: real progression passes the restaurant AND equipment expansion context > keeps three zones before Premium and reports four actual zones after unlock 1203ms
 ✓ tools/studio/test/gates.test.ts (1 test) 3ms
 ✓ tools/studio/test/prep-ui.test.ts (2 tests) 6ms

 Test Files  22 passed (22)
      Tests  455 passed (455)
   Start at  03:47:07
   Duration  19.66s (transform 448ms, setup 0ms, collect 920ms, tests 14.74s, environment 4ms, prepare 1.16s)

PASS  test

── sim  ───────────────────────────────────────────────
   short-horizon economy guardrails

> churrasco-mestre-da-brasa@0.1.0 sim
> node --experimental-strip-types tools/studio/run-sim.ts

── CHURRASCO! economy simulation ─────────────────────────────
turns simulated: 60
final level: 10   restaurant: 1   grill: parrilla_chef_cisma evo 2   coins left: 1691
coins earned: 94261   spent: 92570   spend ratio: 0.982
perfect rate: 34.5%   burned rate: 0.0%   lost customers: 0.2%
avg turn length: 105.4s

coins per turn by restaurant tier:
  tier 0: avg 600 (min 259, max 1102) over 24 turns
  tier 1: avg 1504 (min 514, max 3518) over 36 turns

faucets:
  turn                      55321
  level_first_clear         20627
  level_reward              13238
  level_up                   4075
  vip_achievement            1000
sinks:
  churrasqueira_evolve:lata_valente       1000
  upgrade:charcoal_duration       8810
  upgrade:grill_size         8210
  upgrade:plates             3480
  upgrade:knife              2910
  upgrade:grill_heat         9470
  upgrade:board              1810
  churrasqueira_unlock:ze_da_esquina        900
  upgrade:grill_stability       4570
  upgrade:charcoal_quality       5660
  churrasqueira_evolve:ze_da_esquina       3200
  upgrade:patience_charm       5450
  upgrade:capacity           5190
  upgrade:tray               4440
  upgrade:tables             6460
  upgrade:grill_speed         800
  upgrade:counter            3990
  upgrade:decor              4800
  upgrade:sign               3080
  restaurant_unlock             0
  churrasqueira_unlock:parrilla_chef_cisma       3200
  churrasqueira_evolve:parrilla_chef_cisma       3800
  upgrade:music               640
  upgrade:lighting            700

turn at which each establishment was unlocked:
  espetinho_rua          turn 45

turn at which each churrasqueira was unlocked:
  ze_da_esquina          turn 11
  parrilla_chef_cisma    turn 46

target checks:
  PASS  turnsPerSession                    assumed 4 turns/session, target 3-5
  PASS  firstUpgradeAffordableAfterTurns   cheapest upgrade reachable after turn 1, target 1-2
  PASS  unlock:espetinho_rua               unlocked at turn 45, target 28-45
  PASS  unlock:trailer                     not reached in this run — needs a run of at least 1500 turns (npm run sim:long)
  PASS  unlock:churrascaria_bairro         not reached in this run — needs a run of at least 1500 turns (npm run sim:long)
  PASS  unlock:churrascaria_premium        not reached in this run — needs a run of at least 1500 turns (npm run sim:long)
  PASS  unlock:festival                    not reached in this run — needs a run of at least 1500 turns (npm run sim:long)
  PASS  unlock:rede_nacional               not reached in this run — needs a run of at least 1500 turns (npm run sim:long)
  PASS  income:level5                      9478 coins/day at level 5, target 9000-14000
  PASS  income:level15                     level not reached in this run — needs a run of at least 1500 turns (npm run sim:long)
  PASS  income:level30                     level not reached in this run — needs a run of at least 1500 turns (npm run sim:long)
  PASS  income:level50                     level not reached in this run — needs a run of at least 1500 turns (npm run sim:long)
  PASS  coinSpendRatio                     short-run spend ratio 0.982 (greedy spender) — needs a run of at least 1500 turns (npm run sim:long)
  PASS  coinSpike                          max/median turn income = 4.13 (max 3518, median 852), cap 6
  PASS  perfectRateAtSkillMid              perfect rate at skill 0.55 = 46.0%, target 40-62%
  PASS  grill:ze_da_esquina                unlocked at turn 11, target 4-12
  PASS  grill:parrilla_chef_cisma          unlocked at turn 46, target 32-60
  PASS  grill:fornalha_dragao_manso        not reached in this run — needs a run of at least 1500 turns (npm run sim:long)

skill curve (authored content, fixed skill; player level progresses from XP, no purchases):
  skill  perfect   good   burned   lost   coins/turn
  0.30    25.0%   75.0%     0.0%    0.9%         430
  0.45    40.1%   59.6%     0.3%    0.4%         546
  0.55    46.0%   54.0%     0.0%    0.2%         571
  0.70    65.7%   34.3%     0.0%    0.2%         659
  0.85    84.9%   15.1%     0.0%    0.0%         709
  1.00    97.9%    1.9%     0.1%    0.2%         751

all 18 balance targets met
PASS  sim

── check-vectors  ─────────────────────────────────────
   golden vectors still match the rules

> churrasco-mestre-da-brasa@0.1.0 check-vectors
> node --experimental-strip-types tools/studio/gen-vectors.ts --check

[golden] OK — 114 vectors + 44 FTUE vectors unchanged
PASS  check-vectors

── check-art-registry  ────────────────────────────────
   masters, registry, batches, manifest and approved-only runtime agree; preserve 244 approved IDs

> churrasco-mestre-da-brasa@0.1.0 check-art-registry
> node --experimental-strip-types tools/art/check-art-registry.ts

[art-registry] OK — 245 masters/rows/manifest entries; 244 approved; 244 runtime sprites; 244 baseline IDs preserved
PASS  check-art-registry

── check-art  ─────────────────────────────────────────
   16 ingredients × 8 doneness levels all paint

> churrasco-mestre-da-brasa@0.1.0 check-art
> node prototype/art-coverage.mjs

[art-coverage] OK — 16 ingredients × 8 doneness levels + icons = 144 draws, all painted
PASS  check-art

── check-render  ──────────────────────────────────────
   real prototype bundle: the FTUE played by following the hand, skip/abandon, a full turn

> churrasco-mestre-da-brasa@0.1.0 check-render
> npx esbuild prototype/src/main.ts --bundle --format=esm --target=es2022 --outfile=prototype/dist/bundle.js --log-level=warning && node prototype/render-smoke.mjs

[render-smoke] OK — 28,830,708 canvas ops, no exceptions
[render-smoke] FTUE played by following the hand: tutorial_start → step:place → step:flip → step:serve → step:perfect → tutorial_complete → upgrade_purchase → step:upgrade (misses 0)
[render-smoke] second install, backgrounded then skipped: tutorial_start → tutorial_abandon:place → tutorial_skip:place
[render-smoke] daily calendar: strip opens it, RESGATAR pays day 1 once (+250), ✕ closes it
[render-smoke] top ops: quadraticCurveTo=12928064 beginPath=3398003 fill=2167611 arcTo=1591156 moveTo=1381749 arc=1263166 stroke=1120890 fillRect=840620
[render-smoke] gradient calls: linear=530968 radial=512565
[render-smoke] text drawn: fillText=112194 strokeText=25488
[render-smoke] frames rendered, render loop never stalled
[render-smoke] audio: osc=81 noise=18 filter=21 gain=105 started=99
PASS  check-render

── check-shots  ───────────────────────────────────────
   real PNGs of the first run (FTUE steps 1-6) and the relaunch path — sim catch-up, not 10 800 draws

> churrasco-mestre-da-brasa@0.1.0 check-shots
> node prototype/shoot.mjs

art: 244 sprites decoded
[shoot] 01-splash.png  229.0 kB
[shoot] 02-title.png  544.0 kB
[shoot] 03-ftue-place.png  383.9 kB
[shoot] 04-ftue-wait.png  344.4 kB
[shoot] 05-ftue-flip.png  340.1 kB
[shoot] 06-ftue-serve.png  351.8 kB
[shoot] 07-ftue-perfect.png  463.0 kB
[shoot] 08-ftue-result.png  105.1 kB
[shoot] 09-ftue-upgrade.png  148.0 kB
[shoot] FTUE tutorial_start → step:place → step:flip → step:serve → step:perfect → tutorial_complete → upgrade_purchase → step:upgrade
[shoot] FTUE first PERFEITO at 16.1s, complete at 32.9s, upgrade at 38.3s, misses 0, coins left 136
art: 244 sprites decoded
[shoot] 10-home.png  187.6 kB
[shoot] 11-turn-empty.png  457.0 kB
[shoot] 12-grill-cooking.png  455.3 kB
[shoot] 13-result.png  94.8 kB
art: 244 sprites decoded
[shoot] 14-advanced-bench.png  506.2 kB
[shoot] 15-advanced-flip-hint.png  501.8 kB
[shoot] 16-costela-perfect-window.png  505.7 kB
[shoot] 17-cupim-perfect-window.png  505.6 kB
[shoot] A-01: page 2 → costela/cupim → wait for cue → tap flips once → both perfect windows
art: 244 sprites decoded
art: 244 sprites decoded
[shoot] 18-before-cheese-unlock.png  473.3 kB
art: 244 sprites decoded
[shoot] 19-cheese-unlocked.png  481.1 kB
art: 244 sprites decoded
[shoot] A-02: saved levels 1/5/6/7 → matching bench/orders → no phantom locked slot → cheese draggable at 6/7
art: 244 sprites decoded
[shoot] 20-before-prep-unlock.png  486.6 kB
art: 244 sprites decoded
[shoot] 21-prep-in-progress.png  511.2 kB
[shoot] 22-prep-ready.png  504.5 kB
[shoot] 23-prep-served.png  491.4 kB
[shoot] A-03: actual order 10 (vinagrete) served prep, coins=319 xp=66
art: 244 sprites decoded
art: 244 sprites decoded
[shoot] 24-prep-capacity-page-2.png  513.5 kB
[shoot] A-03: unlock 11/12/13, tap/drag, invalid drops, cancellation, timing, real service, discard, 10 slots + paging
art: 244 sprites decoded
[shoot] 25-before-fourth-zone.png  455.3 kB
art: 244 sprites decoded
art: 244 sprites decoded
art: 244 sprites decoded
[shoot] 26-fourth-zone-unlocked.png  503.4 kB
[shoot] 27-fourth-zone-cooking.png  502.5 kB
[shoot] 28-fourth-zone-order-served.png  497.4 kB
art: 244 sprites decoded
art: 244 sprites decoded
art: 244 sprites decoded
art: 244 sprites decoded
art: 244 sprites decoded
[shoot] 29-premium-without-fornalha.png  498.4 kB
[shoot] A-04: Home/runtime/HUD agree; Fornalha3→4 at Premium, evo1/2/3; others1/2/3; real fourth-row placement/move/flip/mixed-order service
art: 244 sprites decoded
[shoot] 30-vip-home-test.png  191.8 kB
[shoot] 31-vip-explicit-simulation.png  116.4 kB
art: 244 sprites decoded
art: 244 sprites decoded
[shoot] 32-vip-reserved-after-relaunch.png  188.7 kB
[shoot] 33-vip-called-arrival.png  477.0 kB
[shoot] A-05 called order: [ 'picanha', 'coracao_frango' ]
[shoot] 34-vip-order-served.png  462.7 kB
[shoot] 37-vip-achievement-result.png  95.0 kB
art: 244 sprites decoded
art: 244 sprites decoded
[shoot] 35-vip-natural-arrival.png  473.7 kB
art: 244 sprites decoded
[shoot] 36-vip-daily-limit.png  188.5 kB
art: 244 sprites decoded
[shoot] A-05: zero/one authored chance; cancel/complete; persistent reserved call, real cooking/flip/service, VIP achievement; natural no-ads, shared cap/relaunch, starter locked
[shoot] frames written to prototype/shots/
[shoot] painted=217 skipped=12467 wall=13.7s
PASS  check-shots

── check-csharp  ──────────────────────────────────────
   the C# core compiles as Unity would (netstandard2.1, C# 9) and replays the golden + FTUE vectors
SKIP  check-csharp  (no `dotnet` on this machine — CI runs it)

14 of 15 CI gates met here; skipped (missing toolchain, CI runs them): check-csharp
