
> churrasco-mestre-da-brasa@0.1.0 sim:long
> LONG_HORIZON=1500 node --experimental-strip-types tools/studio/run-sim.ts

── CHURRASCO! economy simulation ─────────────────────────────
turns simulated: 1500
final level: 80   restaurant: 6   grill: fornalha_dragao_manso evo 3   coins left: 16801805
coins earned: 24859245   spent: 8057440   spend ratio: 0.324
perfect rate: 75.6%   burned rate: 0.1%   lost customers: 3.3%
avg turn length: 175.0s

coins per turn by restaurant tier:
  tier 0: avg 696 (min 307, max 1490) over 24 turns
  tier 1: avg 2680 (min 695, max 4631) over 67 turns
  tier 2: avg 5661 (min 3315, max 7789) over 67 turns
  tier 3: avg 9543 (min 6353, max 13671) over 93 turns
  tier 4: avg 12982 (min 7980, max 17051) over 144 turns
  tier 5: avg 17007 (min 12837, max 23075) over 269 turns
  tier 6: avg 20017 (min 14105, max 25320) over 836 turns

faucets:
  turn                   22428265
  level_first_clear         20627
  level_reward            2213098
  level_up                 181255
  vip_achievement           16000
sinks:
  churrasqueira_evolve:lata_valente       1000
  upgrade:grill_size        13480
  upgrade:charcoal_duration      21560
  upgrade:plates             3480
  upgrade:grill_heat        15380
  upgrade:grill_speed        9470
  churrasqueira_unlock:ze_da_esquina        900
  churrasqueira_evolve:ze_da_esquina       3200
  upgrade:patience_charm       9790
  upgrade:tables            20740
  upgrade:capacity          18180
  upgrade:decor             14490
  upgrade:sign              13060
  upgrade:music              5920
  upgrade:lighting           7180
  restaurant_unlock       4463500
  churrasqueira_unlock:parrilla_chef_cisma       3200
  churrasqueira_evolve:parrilla_chef_cisma      10000
  upgrade:brasa_mastery    1605720
  upgrade:clientela_fiel    1778420
  upgrade:knife              2910
  upgrade:board              3060
  churrasqueira_unlock:fornalha_dragao_manso       8500
  churrasqueira_evolve:fornalha_dragao_manso      24300

turn at which each establishment was unlocked:
  espetinho_rua          turn 40
  trailer                turn 91
  churrascaria_bairro    turn 158
  churrascaria_premium   turn 251
  festival               turn 395
  rede_nacional          turn 664

turn at which each churrasqueira was unlocked:
  ze_da_esquina          turn 10
  parrilla_chef_cisma    turn 41
  fornalha_dragao_manso  turn 79

target checks:
  PASS  turnsPerSession                    assumed 4 turns/session, target 3-5
  PASS  firstUpgradeAffordableAfterTurns   cheapest upgrade reachable after turn 1, target 1-2
  PASS  unlock:espetinho_rua               unlocked at turn 40, target 28-45
  PASS  unlock:trailer                     unlocked at turn 91, target 72-115
  PASS  unlock:churrascaria_bairro         unlocked at turn 158, target 115-185
  PASS  unlock:churrascaria_premium        unlocked at turn 251, target 195-315
  PASS  unlock:festival                    unlocked at turn 395, target 340-550
  FAIL  unlock:rede_nacional               unlocked at turn 664, target 950-1450
  PASS  income:level5                      10254 coins/day at level 5, target 9000-14000
  PASS  income:level15                     42146 coins/day at level 15, target 36000-56000
  PASS  income:level30                     109396 coins/day at level 30, target 78000-122000
  FAIL  income:level50                     208316 coins/day at level 50, target 98000-152000
  FAIL  coinSpendRatio                     spend ratio 0.324, target 0.7-0.99
  PASS  coinSpike                          max/median turn income = 1.38 (max 25320, median 18350), cap 6
  PASS  perfectRateAtSkillMid              perfect rate at skill 0.55 = 46.0%, target 40-62%
  PASS  grill:ze_da_esquina                unlocked at turn 10, target 4-12
  PASS  grill:parrilla_chef_cisma          unlocked at turn 41, target 32-60
  PASS  grill:fornalha_dragao_manso        unlocked at turn 79, target 70-115

skill curve (authored content, fixed skill; player level progresses from XP, no purchases):
  skill  perfect   good   burned   lost   coins/turn
  0.30    25.0%   75.0%     0.0%    0.9%         430
  0.45    40.1%   59.6%     0.3%    0.4%         546
  0.55    46.0%   54.0%     0.0%    0.2%         571
  0.70    65.7%   34.3%     0.0%    0.2%         659
  0.85    84.9%   15.1%     0.0%    0.0%         709
  1.00    97.9%    1.9%     0.1%    0.2%         751

3 of 18 balance targets FAILED
