{"restaurantIndex":3,"equipped":"default","promised":3,"actual":3,"heats":[0.55,1,1.55]}
{"restaurantIndex":3,"equipped":"lata_valente","promised":3,"actual":1,"heats":[0.95]}
{"restaurantIndex":3,"equipped":"ze_da_esquina","promised":3,"actual":2,"heats":[0.6325,1.7]}
{"restaurantIndex":3,"equipped":"parrilla_chef_cisma","promised":3,"actual":3,"heats":[0.759,1.38,1.7]}
{"restaurantIndex":3,"equipped":"fornalha_dragao_manso","promised":3,"actual":3,"heats":[0.8910000000000001,1.62,1.7]}
{"restaurantIndex":4,"equipped":"default","promised":4,"actual":3,"heats":[0.55,1,1.55]}
{"restaurantIndex":4,"equipped":"lata_valente","promised":4,"actual":1,"heats":[0.95]}
{"restaurantIndex":4,"equipped":"ze_da_esquina","promised":4,"actual":2,"heats":[0.6325,1.7]}
{"restaurantIndex":4,"equipped":"parrilla_chef_cisma","promised":4,"actual":3,"heats":[0.759,1.38,1.7]}
{"restaurantIndex":4,"equipped":"fornalha_dragao_manso","promised":4,"actual":3,"heats":[0.8910000000000001,1.62,1.7]}
{"restaurantIndex":5,"equipped":"default","promised":4,"actual":3,"heats":[0.55,1,1.55]}
{"restaurantIndex":5,"equipped":"lata_valente","promised":4,"actual":1,"heats":[0.95]}
{"restaurantIndex":5,"equipped":"ze_da_esquina","promised":4,"actual":2,"heats":[0.6325,1.7]}
{"restaurantIndex":5,"equipped":"parrilla_chef_cisma","promised":4,"actual":3,"heats":[0.759,1.38,1.7]}
{"restaurantIndex":5,"equipped":"fornalha_dragao_manso","promised":4,"actual":3,"heats":[0.8910000000000001,1.62,1.7]}
{"restaurantIndex":6,"equipped":"default","promised":4,"actual":3,"heats":[0.55,1,1.55]}
{"restaurantIndex":6,"equipped":"lata_valente","promised":4,"actual":1,"heats":[0.95]}
{"restaurantIndex":6,"equipped":"ze_da_esquina","promised":4,"actual":2,"heats":[0.6325,1.7]}
{"restaurantIndex":6,"equipped":"parrilla_chef_cisma","promised":4,"actual":3,"heats":[0.759,1.38,1.7]}
{"restaurantIndex":6,"equipped":"fornalha_dragao_manso","promised":4,"actual":3,"heats":[0.8910000000000001,1.62,1.7]}
