
──── L1 · lata_valente e1 (1 zona × 2) ────  skill 0.55, 1 turnos, seed 4242+t·977
caso                    moeda/turno    perf%  queim%  perdeu%  serv/t  ★     turnos-perdidos
baseline                     184      71       0       11       7      2        0   ← turno normal, sem nada
comanda_fila                 168      25       0       10       8      2        0   ← chegada 2× (spawnInterval ÷ 2)
comanda_fila+2vagas          122      29       0       42       7      1        0   ← chegada 2× e +2 pedidos esperando
comanda_cheia                146      25       0       32       8      1        0   ← chegada 2×, +2 vagas e pedido em dobro
comanda_prato2x              187      57       0       10       7      2        0   ← só o prato em dobro (chegada normal)
soprador_tudo                220      75       0       10       8      2        0       8 sopros/t   ← soprador em toda fileira ocupada (+35 %, 3 s, freio 6 s)
soprador_atrasado            227      75       0       10       8      2        0       8 sopros/t   ← soprador no prato mais atrasado (+35 %, 3 s, freio 6 s)
agua_resgate                 184      71       0       11       7      2        0       0 sopros/t   ← garrafa nas fileiras passando do ponto (−35 %, 3 s, 6 s)
agua_cedo                    235     100       0        0       7      2        0       5 sopros/t   ← garrafa assim que encosta no topo da janela (0,80×)
soprador_sem_freio           274      60       0        8      10      2        0       7 sopros/t   ← soprador forte e quase sem freio (+70 %, 6 s, 2 s)

──── L8 · ze_da_esquina e2 ────  skill 0.55, 1 turnos, seed 4242+t·977
caso                    moeda/turno    perf%  queim%  perdeu%  serv/t  ★     turnos-perdidos
baseline                    1542      41       0        0      16      3        0   ← turno normal, sem nada
comanda_fila                2353      48       0        0      26      2        0   ← chegada 2× (spawnInterval ÷ 2)
comanda_fila+2vagas         2393      44       0        0      30      3        0   ← chegada 2× e +2 pedidos esperando
comanda_cheia               3786      31       0        0      23      2        0   ← chegada 2×, +2 vagas e pedido em dobro
comanda_prato2x             2486      37       0        0      14      2        0   ← só o prato em dobro (chegada normal)
soprador_tudo               1393      48       0        0      14      2        0      14 sopros/t   ← soprador em toda fileira ocupada (+35 %, 3 s, freio 6 s)
soprador_atrasado           1192      42       0        0      15      3        0      15 sopros/t   ← soprador no prato mais atrasado (+35 %, 3 s, freio 6 s)
agua_resgate                1542      41       0        0      16      3        0       0 sopros/t   ← garrafa nas fileiras passando do ponto (−35 %, 3 s, 6 s)
agua_cedo                   1369      30       0        0      16      3        0       9 sopros/t   ← garrafa assim que encosta no topo da janela (0,80×)
soprador_sem_freio          1451      41       0        0      16      3        0      15 sopros/t   ← soprador forte e quase sem freio (+70 %, 6 s, 2 s)

──── L24 · parrilla_chef_cisma e2 ────  skill 0.55, 1 turnos, seed 4242+t·977
caso                    moeda/turno    perf%  queim%  perdeu%  serv/t  ★     turnos-perdidos
baseline                    2252      55       0        0      17      3        0   ← turno normal, sem nada
comanda_fila                3229      42       0        0      33      3        0   ← chegada 2× (spawnInterval ÷ 2)
comanda_fila+2vagas         3229      42       0        0      33      3        0   ← chegada 2× e +2 pedidos esperando
comanda_cheia               5956      44       0        0      33      3        0   ← chegada 2×, +2 vagas e pedido em dobro
comanda_prato2x             3466      32       0        0      18      3        0   ← só o prato em dobro (chegada normal)
soprador_tudo               1713      39       0        0      17      3        0      22 sopros/t   ← soprador em toda fileira ocupada (+35 %, 3 s, freio 6 s)
soprador_atrasado           1357      45       0        0      16      2        0      20 sopros/t   ← soprador no prato mais atrasado (+35 %, 3 s, freio 6 s)
agua_resgate                2252      55       0        0      17      3        0       0 sopros/t   ← garrafa nas fileiras passando do ponto (−35 %, 3 s, 6 s)
agua_cedo                   2207      39       0        0      17      3        0      10 sopros/t   ← garrafa assim que encosta no topo da janela (0,80×)
soprador_sem_freio          2015      50       0        0      18      3        0      19 sopros/t   ← soprador forte e quase sem freio (+70 %, 6 s, 2 s)

──── L46 · fornalha_dragao_manso e3 (topo atual) ────  skill 0.55, 1 turnos, seed 4242+t·977
caso                    moeda/turno    perf%  queim%  perdeu%  serv/t  ★     turnos-perdidos
baseline                    1406      38       3        8      21      2        0   ← turno normal, sem nada
comanda_fila                2944      51       1        4      44      3        0   ← chegada 2× (spawnInterval ÷ 2)
comanda_fila+2vagas         2944      51       1        4      44      3        0   ← chegada 2× e +2 pedidos esperando
comanda_cheia               4255      39       0       10      33      2        0   ← chegada 2×, +2 vagas e pedido em dobro
comanda_prato2x             2708      41       0        4      21      2        0   ← só o prato em dobro (chegada normal)
soprador_tudo               1491      38       0        4      21      2        0      29 sopros/t   ← soprador em toda fileira ocupada (+35 %, 3 s, freio 6 s)
soprador_atrasado           1423      58       0        4      21      2        0      23 sopros/t   ← soprador no prato mais atrasado (+35 %, 3 s, freio 6 s)
agua_resgate                1327      42       3        8      20      2        0       1 sopros/t   ← garrafa nas fileiras passando do ponto (−35 %, 3 s, 6 s)
agua_cedo                   1319      42       3        8      20      2        0      19 sopros/t   ← garrafa assim que encosta no topo da janela (0,80×)
soprador_sem_freio          1607      31       0        0      24      3        0      26 sopros/t   ← soprador forte e quase sem freio (+70 %, 6 s, 2 s)

──── o que vale 1 s de soprador (motor no calor real da fileira, prato ideal) ────
grelha                        zona  calor   taxa   janela  +35%·1s  = % da janela
lata_valente e1               1     0.49    16.3%/s      1.1s      5.7%           32%
ze_da_esquina e2              1     0.43    14.4%/s      1.2s      5.1%           28%
ze_da_esquina e2              2     1.22    40.7%/s      0.4s     14.2%           79%
parrilla_chef_cisma e2        1     0.53    17.6%/s      1.0s      6.2%           34%
parrilla_chef_cisma e2        2     0.96    32.0%/s      0.6s     11.2%           62%
parrilla_chef_cisma e2        3     1.27    42.5%/s      0.4s     14.9%           83%
fornalha_dragao_manso e3      1     0.67    22.3%/s      0.8s      7.8%           43%
fornalha_dragao_manso e3      2     1.22    40.5%/s      0.4s     14.2%           79%
fornalha_dragao_manso e3      3     1.27    42.5%/s      0.4s     14.9%           83%
